C:/Users/Ethan/Documents/SolarCar/Rivanna3/DisplayScreen/TouchGFX/generated/texts/src/TypedTextDatabase.cpp:60:43:const touchgfx::TypedText::TypedTextData* TypedTextDatabase::getInstance(touchgfx::LanguageId)	16	static
C:/Users/Ethan/Documents/SolarCar/Rivanna3/DisplayScreen/TouchGFX/generated/texts/src/TypedTextDatabase.cpp:65:10:uint16_t TypedTextDatabase::getInstanceSize()	4	static
C:/Users/Ethan/Documents/SolarCar/Rivanna3/DisplayScreen/TouchGFX/generated/texts/src/TypedTextDatabase.cpp:70:24:const touchgfx::Font** TypedTextDatabase::getFonts()	4	static
C:/Users/Ethan/Documents/SolarCar/Rivanna3/DisplayScreen/TouchGFX/generated/texts/src/TypedTextDatabase.cpp:75:23:const touchgfx::Font* TypedTextDatabase::setFont(touchgfx::FontId, const touchgfx::Font*)	24	static
C:/Users/Ethan/Documents/SolarCar/Rivanna3/DisplayScreen/TouchGFX/generated/texts/src/TypedTextDatabase.cpp:82:6:void TypedTextDatabase::resetFont(touchgfx::FontId)	16	static
C:/Users/Ethan/Documents/SolarCar/Rivanna3/DisplayScreen/TouchGFX/generated/texts/src/TypedTextDatabase.cpp:97:1:void __static_initialization_and_destruction_0(int, int)	16	static
C:/Users/Ethan/Documents/SolarCar/Rivanna3/DisplayScreen/TouchGFX/generated/texts/src/TypedTextDatabase.cpp:97:1:cpp)	8	static
